// Jest Snapshot v1, https://goo.gl/fbAQLP

exports[`Generates an horizontal form 1`] = `
<form>
  <div
    className="form-group row"
  >
    <label
      className="col-sm-2 col-form-label"
      for="email"
    >
      Email
    </label>
    <div
      className="col-sm-10"
    >
      <input
        className="form-control"
        id="email"
        placeholder={undefined}
        type="email"
      />
    </div>
  </div>
  <div
    className="form-group row"
  >
    <label
      className="col-sm-2 col-form-label"
      for="password"
    >
      Mot de passe
    </label>
    <div
      className="col-sm-10"
    >
      <input
        className="form-control"
        id="password"
        placeholder={undefined}
        type="password"
      />
    </div>
  </div>
  <div
    className="form-group row"
  >
    <label
      className="col-sm-2 col-form-label"
      for="accept"
    >
      J'accepte.
    </label>
    <div
      className="col-sm-10"
    >
      <input
        className="form-control"
        id="accept"
        placeholder={undefined}
        type="opt-in"
      />
    </div>
  </div>
</form>
`;
