// Jest Snapshot v1, https://goo.gl/fbAQLP

exports[`Example from https://getbootstrap.com/docs/4.0/components/forms/#horizontal-form 1`] = `
<form
  onSubmit={[Function]}
>
  <div
    className="form-group row"
  >
    <label
      className="col-sm-2 col-form-label"
      for="email"
    >
      Email
    </label>
    <div
      className="col-sm-10"
    >
      <input
        className="form-control"
        id="email"
        onChange={[Function]}
        type="email"
      />
    </div>
  </div>
  <div
    className="form-group row"
  >
    <label
      className="col-sm-2 col-form-label"
      for="password"
    >
      Mot de passe
    </label>
    <div
      className="col-sm-10"
    >
      <input
        className="form-control"
        id="password"
        onChange={[Function]}
        type="password"
      />
    </div>
  </div>
  <div
    className="form-group row"
  >
    <label
      className="col-sm-2 col-form-label"
      for="accept"
    >
      J'accepte.
    </label>
    <div
      className="col-sm-10"
    >
      <div
        className="form-check"
      >
        <label
          className="form-check-label"
        >
          <input
            className="form-check-input"
            onChange={[Function]}
            type="checkbox"
          />
           
          Check me out
        </label>
      </div>
    </div>
  </div>
</form>
`;
